#-----------------------------------------------------------
# Vivado v2024.2 (64-bit)
# SW Build 5239630 on Fri Nov 08 22:34:34 MST 2024
# IP Build 5239520 on Sun Nov 10 16:12:51 MST 2024
# SharedData Build 5239561 on Fri Nov 08 14:39:27 MST 2024
# Start of session at: Sat Oct 18 22:23:52 2025
# Process ID         : 283630
# Current directory  : /home/wadood/gits/WW_caravel_on_FPGA/Vexriscv_CoreTesting/Vexriscv_CoreTesting.runs/impl_1
# Command line       : vivado -log caravel.vdi -applog -product Vivado -messageDb vivado.pb -mode batch -source caravel.tcl -notrace
# Log file           : /home/wadood/gits/WW_caravel_on_FPGA/Vexriscv_CoreTesting/Vexriscv_CoreTesting.runs/impl_1/caravel.vdi
# Journal file       : /home/wadood/gits/WW_caravel_on_FPGA/Vexriscv_CoreTesting/Vexriscv_CoreTesting.runs/impl_1/vivado.jou
# Running On         : FedoraHP
# Platform           : unknown
# Operating System   : unknown
# Processor Detail   : 11th Gen Intel(R) Core(TM) i7-1195G7 @ 2.90GHz
# CPU Frequency      : 1208.439 MHz
# CPU Physical cores : 4
# CPU Logical cores  : 8
# Host memory        : 16494 MB
# Swap memory        : 8589 MB
# Total Virtual      : 25084 MB
# Available Virtual  : 19659 MB
#-----------------------------------------------------------
source caravel.tcl -notrace
